{
  "id": "hoge",
  "name": "fuga",
  "type": "host"
}