Warning: required_version validation

  on testdata/config/invalid_provider.hcl line 2, in prepalert:
   2:   required_version = ">=v0.12.0"

required_version is not validated because version is "current"

Error: Provider creation failed

  on testdata/config/invalid_provider.hcl line 11, in provider "invalid":
  11: provider "invalid" {}

unknown provider type "invalid"

