Usage: prepalert init [flags]

create initial config

Flags:
  -h, --help                       Show context-sensitive help.
      --log-level="info"           output log-level ($PREPALERT_LOG_LEVEL)
      --mackerel-apikey=STRING     for access mackerel API ($MACKEREL_APIKEY)
      --error-handling=continue    error handling ($PREPALERT_ERROR_HANDLING)
      --config="."                 config path ($PREPALERT_CONFIG)
