header message written by human

 ## Other App Block

 ### hogehoge

 this message written by other app

## Prepalert
Full Text URL: https://example.com/alerts/hoge.txt

### rule.hoge

hogehoge
