## Prepalert
Full Text URL: https://example.com/alerts/hoge.txt

### rule.hoge

hogehoge
