How do you respond to alerts?

## Prepalert rule.simple
How do you respond to alerts?
Describe information about your alert response here.
