related alert: https://mackerel.io/orgs/.../alerts/2bj...

### rule.simple

How do you respond to alerts?
Describe information about your alert response here.
