## Prepalert
Full Text URL: http://localhost:8080/Macker.../2bj.../2bj....txt

### rule.simple

How do you respond to alerts?
Describe information about your alert response here.
