this is access_logs:
+---------+------+----------+
| REASON  | NAME |   SIGN   |
+---------+------+----------+
| The Bad | A    | The Good |
|         | B    | The Ugly |
+---------+------+----------+

