this is a pen

## Prepalert rule.first
fuga

## Prepalert rule.second
hoge