this is a pen

## Prepalert
### rule.first

fuga

### rule.second

hoge