{
  "query": {
    "redshift_data": {
      "access_logs": {
        "fqn": "query.redshift_data.access_logs",
        "status": "running"
      }
    }
  },
  "redshift_data": {
    "default": {
      "cluster_identifier": "warehouse",
      "database": "dev",
      "db_user": "admin"
    },
    "serverless": {
      "database": "dev",
      "workgroup_name": "default"
    }
  },
  "var": {
    "version": "current"
  },
  "webhook": {
    "alert": {
      "closed_at": 1473130212,
      "created_at": 1473129912693,
      "critical_threshold": 1.9588528112516932,
      "duration": 5,
      "id": "2bj...",
      "is_open": true,
      "metric_label": "MetricName",
      "metric_value": 2.255356387321597,
      "monitor_name": "MonitorName",
      "monitor_operator": "\u003e",
      "opened_at": 1473129912,
      "status": "critical",
      "trigger": "monitor",
      "url": "https://mackerel.io/orgs/.../alerts/2bj...",
      "warning_threshold": 1.4665636369580741
    },
    "event": "alert",
    "host": {
      "id": "22D4...",
      "is_retired": false,
      "memo": "",
      "name": "app01",
      "roles": [
        {
          "fullname": "Service: Role",
          "role_name": "Role",
          "role_url": "https://mackerel.io/orgs/.../services/...",
          "service_name": "Service",
          "service_url": "https://mackerel.io/orgs/.../services/..."
        }
      ],
      "status": "working",
      "type": "unknown",
      "url": "https://mackerel.io/orgs/.../hosts/..."
    },
    "image_url": "https://mackerel.io/embed/public/.../....png",
    "memo": "memo....",
    "org_name": "Macker..."
  }
}